<html>
<body>
<pre>
<h1>µVision Build Log</h1>
<h2>Tool Versions:</h2>
IDE-Version: µVision V5.39.0.0
Copyright (C) 2023 ARM Ltd and ARM Germany GmbH. All rights reserved.
License Information: Amin CMG, Amin, LIC=RC93N-Y7DEK-ARCXW-QYHMC-JECB3-2VHMX
 
Tool Versions:
Toolchain:       MDK-ARM Plus  Version: 5.39.0.0
Toolchain Path:  C:\Keil_v5\ARM\ARMCLANG\Bin
C Compiler:      ArmClang.exe V6.21
Assembler:       Armasm.exe V6.21
Linker/Locator:  ArmLink.exe V6.21
Library Manager: ArmAr.exe V6.21
Hex Converter:   FromElf.exe V6.21
CPU DLL:         SARMCM3.DLL V5.39.0.0
Dialog DLL:      DCM.DLL V1.17.5.0
Target DLL:      STLink\ST-LINKIII-KEIL_SWO.dll V3.2.0.0
Dialog DLL:      TCM.DLL V1.56.4.0
 
<h2>Project:</h2>
D:\projects\keil\testLED2\blink2.uvprojx
Project File Date:  10/27/2024

<h2>Output:</h2>
*** Using Compiler 'V6.21', folder: 'C:\Keil_v5\ARM\ARMCLANG\Bin'
Build target 'Target 1'
main.c(1): warning: In file included from...
C:/Users/CMG/AppData/Local/Arm/Packs/Keil/STM32F1xx_DFP/2.4.1/Device/Include\stm32f10x.h(18): warning: invalid UTF-8 in comment [-Winvalid-utf8]
   18 |   *              - To use or not the peripheral<92>s drivers in application code(i.e. 
      |                                                ^
C:/Users/CMG/AppData/Local/Arm/Packs/Keil/STM32F1xx_DFP/2.4.1/Device/Include\stm32f10x.h(19): warning: invalid UTF-8 in comment [-Winvalid-utf8]
   19 |   *                code will be based on direct access to peripheral<92>s registers 
      |                                                                     ^
C:/Users/CMG/AppData/Local/Arm/Packs/Keil/STM32F1xx_DFP/2.4.1/Device/Include\stm32f10x.h(26): warning: invalid UTF-8 in comment [-Winvalid-utf8]
   26 |   *           - Macros to access peripheral<92>s registers hardware
      |                                            ^
main.c(4): warning: no previous extern declaration for non-static variable 'msTicks' [-Wmissing-variable-declarations]
    4 | volatile uint32_t msTicks = 0; // Counter for milliseconds
      |                   ^
main.c(4): note: declare 'static' if the variable is not intended to be used outside of this translation unit
    4 | volatile uint32_t msTicks = 0; // Counter for milliseconds
      |          ^
main.c(7): warning: no previous prototype for function 'SysTick_Init' [-Wmissing-prototypes]
    7 | void SysTick_Init(void) {
      |      ^
main.c(7): note: declare 'static' if the function is not intended to be used outside of this translation unit
    7 | void SysTick_Init(void) {
      | ^
      | static 
main.c(19): warning: no previous prototype for function 'SysTick_Handler' [-Wmissing-prototypes]
   19 | void SysTick_Handler(void) {
      |      ^
main.c(19): note: declare 'static' if the function is not intended to be used outside of this translation unit
   19 | void SysTick_Handler(void) {
      | ^
      | static 
main.c(25): warning: no previous prototype for function 'delay_ms' [-Wmissing-prototypes]
   25 | void delay_ms(uint32_t ms) {
      |      ^
main.c(25): note: declare 'static' if the function is not intended to be used outside of this translation unit
   25 | void delay_ms(uint32_t ms) {
      | ^
      | static 
main.c(34): warning: a function declaration without a prototype is deprecated in all versions of C [-Wstrict-prototypes]
   34 | int main()
      |         ^
      |          void
main.c(60): warning: implicit conversion changes signedness: 'int' to 'uint32_t' (aka 'unsigned int') [-Wsign-conversion]
   60 |                 GPIOC->ODR &= ~GPIO_ODR_ODR13; //reset
      |                            ~~ ^~~~~~~~~~~~~~~
9 warnings generated.
compiling main.c...
linking...
Program Size: Code=1076 RO-data=268 RW-data=4 ZI-data=1644  
".\Objects\blink2.axf" - 0 Error(s), 9 Warning(s).

<h2>Software Packages used:</h2>

Package Vendor: ARM
                http://www.keil.com/pack/ARM.CMSIS.5.9.0.pack
                ARM::CMSIS@5.9.0
                CMSIS (Common Microcontroller Software Interface Standard)
   * Component: CORE Version: 5.6.0

Package Vendor: Keil
                https://www.keil.com/pack/Keil.STM32F1xx_DFP.2.4.1.pack
                Keil::STM32F1xx_DFP@2.4.1
                STMicroelectronics STM32F1 Series Device Support, Drivers and Examples
   * Component: Startup Version: 1.0.0

<h2>Collection of Component include folders:</h2>
  ./RTE/Device/STM32F103C8
  ./RTE/_Target_1
  C:/Users/CMG/AppData/Local/Arm/Packs/ARM/CMSIS/5.9.0/CMSIS/Core/Include
  C:/Users/CMG/AppData/Local/Arm/Packs/Keil/STM32F1xx_DFP/2.4.1/Device/Include

<h2>Collection of Component Files used:</h2>

   * Component: ARM::CMSIS:CORE@5.6.0

   * Component: Keil::Device:Startup@1.0.0
      Source file:   Device/Source/ARM/STM32F1xx_OPT.s
      Include file:  RTE_Driver/Config/RTE_Device.h
      Source file:   Device/Source/ARM/startup_stm32f10x_md.s
      Source file:   Device/Source/system_stm32f10x.c
Build Time Elapsed:  00:00:00
</pre>
</body>
</html>
